
> client@0.0.0 build
> vite build

[36mvite v7.3.1 [32mbuilding client environment for production...[36m[39m
transforming...
[32mΓ£ô[39m 1783 modules transformed.
npm : [31mΓ£ù[39m 
Build failed in 8.27s
At line:1 char:1
+ npm run build > 
build_output.txt 2>&1
+ ~~~~~~~~~~~~~~~~~~~
~~~~~~~~~~~~~~~~~~
    + CategoryInfo   
           : NotSpe  
  cified: ([31mΓ£   
 ù[39m Build fai    
led in 8.27s:Str    
ing) [], RemoteE    
xception
    + FullyQualified 
   ErrorId : Native  
  CommandError
 
[31merror during 
build:
[31msrc/pages/VoiceA
ssistantPage.jsx 
(13:7): "default" is 
not exported by "src/
components/VoiceInput
.jsx", imported by "s
rc/pages/VoiceAssista
ntPage.jsx".[31m
file: [36mE:/magic/c
asebridge/client/src/
pages/VoiceAssistantP
age.jsx:13:7[31m
[33m
11: } from 
'lucide-react';
12: import { 
useAccessibility } 
from '../contexts/Acc
essibilityContext';
13: import 
VoiceInput from '../c
omponents/VoiceInput'
;
           ^
14: import 
LanguageSelector 
from '../components/L
anguageSelector';
15: import { 
getTranslation } 
from 
'../translations';
[31m
    at 
getRollupError (file:
///E:/magic/casebridg
e/client/node_modules
/rollup/dist/es/share
d/parseAst.js:400:41)
    at error (file://
/E:/magic/casebridge/
client/node_modules/r
ollup/dist/es/shared/
parseAst.js:396:42)
    at Module.error (
file:///E:/magic/case
bridge/client/node_mo
dules/rollup/dist/es/
shared/node-entry.js:
17036:16)
    at 
Module.traceVariable 
(file:///E:/magic/cas
ebridge/client/node_m
odules/rollup/dist/es
/shared/node-entry.js
:17448:29)
    at ModuleScope.fi
ndVariable (file:///E
:/magic/casebridge/cl
ient/node_modules/rol
lup/dist/es/shared/no
de-entry.js:15066:39)
    at FunctionScope.
findVariable (file://
/E:/magic/casebridge/
client/node_modules/r
ollup/dist/es/shared/
node-entry.js:5673:38
)
    at FunctionBodySc
ope.findVariable (fil
e:///E:/magic/casebri
dge/client/node_modul
es/rollup/dist/es/sha
red/node-entry.js:567
3:38)
    at 
Identifier.bind (file
:///E:/magic/casebrid
ge/client/node_module
s/rollup/dist/es/shar
ed/node-entry.js:5447
:40)
    at 
CallExpression.bind (
file:///E:/magic/case
bridge/client/node_mo
dules/rollup/dist/es/
shared/node-entry.js:
2825:28)
    at 
CallExpression.bind (
file:///E:/magic/case
bridge/client/node_mo
dules/rollup/dist/es/
shared/node-entry.js:
12179:15)[39m
